../Core/Src/main.c:76:3:__io_putchar	16	static
../Core/Src/main.c:86:10:set_angle	24	static
../Core/Src/main.c:95:8:Display_LCD	16	static
../Core/Src/main.c:116:5:main	16	static
../Core/Src/main.c:193:6:SystemClock_Config	88	static
../Core/Src/main.c:239:13:MX_I2C1_Init	8	static
../Core/Src/main.c:287:13:MX_LPUART1_UART_Init	8	static
../Core/Src/main.c:334:13:MX_TIM1_Init	40	static
../Core/Src/main.c:384:13:MX_TIM2_Init	64	static
../Core/Src/main.c:443:13:MX_GPIO_Init	48	static
../Core/Src/main.c:490:6:Error_Handler	4	static,ignoring_inline_asm
