10:10:56 **** Incremental Build of configuration Debug for project HCSR04 ****
make -j4 all 
arm-none-eabi-gcc "../Drivers/HC-SR04/hc-sr04.c" -mcpu=cortex-m4 -std=gnu11 -g3 -DDEBUG -DUSE_HAL_DRIVER -DSTM32G431xx -c -I../Core/Inc -I"C:/Users/dorst/Desktop/Radar/HCSR04/Drivers/HC-SR04" -I"C:/Users/dorst/Desktop/Radar/HCSR04/Drivers/I2C-LCD" -I../Drivers/STM32G4xx_HAL_Driver/Inc -I../Drivers/STM32G4xx_HAL_Driver/Inc/Legacy -I../Drivers/CMSIS/Device/ST/STM32G4xx/Include -I../Drivers/CMSIS/Include -O0 -ffunction-sections -fdata-sections -Wall -fstack-usage -MMD -MP -MF"Drivers/HC-SR04/hc-sr04.d" -MT"Drivers/HC-SR04/hc-sr04.o" --specs=nano.specs -mfpu=fpv4-sp-d16 -mfloat-abi=hard -mthumb -o "Drivers/HC-SR04/hc-sr04.o"
arm-none-eabi-gcc "../Core/Src/main.c" -mcpu=cortex-m4 -std=gnu11 -g3 -DDEBUG -DUSE_HAL_DRIVER -DSTM32G431xx -c -I../Core/Inc -I"C:/Users/dorst/Desktop/Radar/HCSR04/Drivers/HC-SR04" -I"C:/Users/dorst/Desktop/Radar/HCSR04/Drivers/I2C-LCD" -I../Drivers/STM32G4xx_HAL_Driver/Inc -I../Drivers/STM32G4xx_HAL_Driver/Inc/Legacy -I../Drivers/CMSIS/Device/ST/STM32G4xx/Include -I../Drivers/CMSIS/Include -O0 -ffunction-sections -fdata-sections -Wall -fstack-usage -MMD -MP -MF"Core/Src/main.d" -MT"Core/Src/main.o" --specs=nano.specs -mfpu=fpv4-sp-d16 -mfloat-abi=hard -mthumb -o "Core/Src/main.o"
arm-none-eabi-gcc -o "HCSR04.elf" @"objects.list"   -mcpu=cortex-m4 -T"C:\Users\dorst\Desktop\Radar\HCSR04\STM32G431RBTX_FLASH.ld" --specs=nosys.specs -Wl,-Map="HCSR04.map" -Wl,--gc-sections -static --specs=nano.specs -mfpu=fpv4-sp-d16 -mfloat-abi=hard -mthumb -u _printf_float -u _scanf_float -Wl,--start-group -lc -lm -Wl,--end-group
Finished building target: HCSR04.elf
 
arm-none-eabi-size   HCSR04.elf 
arm-none-eabi-objdump -h -S  HCSR04.elf  > "HCSR04.list"
   text	   data	    bss	    dec	    hex	filename
  40604	    488	   1840	  42932	   a7b4	HCSR04.elf
Finished building: default.size.stdout
 
Finished building: HCSR04.list
 

10:10:57 Build Finished. 0 errors, 0 warnings. (took 998ms)

