15:33:28 **** Incremental Build of configuration Debug for project LCD_I2C_Driver ****
make -j4 all 
arm-none-eabi-gcc "../Drivers/STM32G4xx_HAL_Driver/Src/stm32g4xx_hal.c" -mcpu=cortex-m4 -std=gnu11 -g -DDEBUG -DSTM32G431xx -DUSE_HAL_DRIVER -c -I../Drivers/STM32G4xx_HAL_Driver/Inc/Legacy -I"C:/Users/dorst/Desktop/Radar/LCD_I2C_Driver/Drivers/I2C-LCD" -I../Drivers/CMSIS/Include -I../Drivers/CMSIS/Device/ST/STM32G4xx/Include -I../Core/Inc -I../Drivers/STM32G4xx_HAL_Driver/Inc -O0 -ffunction-sections -fdata-sections -Wall -fstack-usage -MMD -MP -MF"Drivers/STM32G4xx_HAL_Driver/Src/stm32g4xx_hal.d" -MT"Drivers/STM32G4xx_HAL_Driver/Src/stm32g4xx_hal.o" --specs=nano.specs -mfpu=fpv4-sp-d16 -mfloat-abi=hard -mthumb -o "Drivers/STM32G4xx_HAL_Driver/Src/stm32g4xx_hal.o"
arm-none-eabi-gcc "../Drivers/STM32G4xx_HAL_Driver/Src/stm32g4xx_hal_cortex.c" -mcpu=cortex-m4 -std=gnu11 -g -DDEBUG -DSTM32G431xx -DUSE_HAL_DRIVER -c -I../Drivers/STM32G4xx_HAL_Driver/Inc/Legacy -I"C:/Users/dorst/Desktop/Radar/LCD_I2C_Driver/Drivers/I2C-LCD" -I../Drivers/CMSIS/Include -I../Drivers/CMSIS/Device/ST/STM32G4xx/Include -I../Core/Inc -I../Drivers/STM32G4xx_HAL_Driver/Inc -O0 -ffunction-sections -fdata-sections -Wall -fstack-usage -MMD -MP -MF"Drivers/STM32G4xx_HAL_Driver/Src/stm32g4xx_hal_cortex.d" -MT"Drivers/STM32G4xx_HAL_Driver/Src/stm32g4xx_hal_cortex.o" --specs=nano.specs -mfpu=fpv4-sp-d16 -mfloat-abi=hard -mthumb -o "Drivers/STM32G4xx_HAL_Driver/Src/stm32g4xx_hal_cortex.o"
arm-none-eabi-gcc "../Drivers/STM32G4xx_HAL_Driver/Src/stm32g4xx_hal_dma.c" -mcpu=cortex-m4 -std=gnu11 -g -DDEBUG -DSTM32G431xx -DUSE_HAL_DRIVER -c -I../Drivers/STM32G4xx_HAL_Driver/Inc/Legacy -I"C:/Users/dorst/Desktop/Radar/LCD_I2C_Driver/Drivers/I2C-LCD" -I../Drivers/CMSIS/Include -I../Drivers/CMSIS/Device/ST/STM32G4xx/Include -I../Core/Inc -I../Drivers/STM32G4xx_HAL_Driver/Inc -O0 -ffunction-sections -fdata-sections -Wall -fstack-usage -MMD -MP -MF"Drivers/STM32G4xx_HAL_Driver/Src/stm32g4xx_hal_dma.d" -MT"Drivers/STM32G4xx_HAL_Driver/Src/stm32g4xx_hal_dma.o" --specs=nano.specs -mfpu=fpv4-sp-d16 -mfloat-abi=hard -mthumb -o "Drivers/STM32G4xx_HAL_Driver/Src/stm32g4xx_hal_dma.o"
arm-none-eabi-gcc "../Drivers/STM32G4xx_HAL_Driver/Src/stm32g4xx_hal_dma_ex.c" -mcpu=cortex-m4 -std=gnu11 -g -DDEBUG -DSTM32G431xx -DUSE_HAL_DRIVER -c -I../Drivers/STM32G4xx_HAL_Driver/Inc/Legacy -I"C:/Users/dorst/Desktop/Radar/LCD_I2C_Driver/Drivers/I2C-LCD" -I../Drivers/CMSIS/Include -I../Drivers/CMSIS/Device/ST/STM32G4xx/Include -I../Core/Inc -I../Drivers/STM32G4xx_HAL_Driver/Inc -O0 -ffunction-sections -fdata-sections -Wall -fstack-usage -MMD -MP -MF"Drivers/STM32G4xx_HAL_Driver/Src/stm32g4xx_hal_dma_ex.d" -MT"Drivers/STM32G4xx_HAL_Driver/Src/stm32g4xx_hal_dma_ex.o" --specs=nano.specs -mfpu=fpv4-sp-d16 -mfloat-abi=hard -mthumb -o "Drivers/STM32G4xx_HAL_Driver/Src/stm32g4xx_hal_dma_ex.o"
arm-none-eabi-gcc "../Drivers/STM32G4xx_HAL_Driver/Src/stm32g4xx_hal_exti.c" -mcpu=cortex-m4 -std=gnu11 -g -DDEBUG -DSTM32G431xx -DUSE_HAL_DRIVER -c -I../Drivers/STM32G4xx_HAL_Driver/Inc/Legacy -I"C:/Users/dorst/Desktop/Radar/LCD_I2C_Driver/Drivers/I2C-LCD" -I../Drivers/CMSIS/Include -I../Drivers/CMSIS/Device/ST/STM32G4xx/Include -I../Core/Inc -I../Drivers/STM32G4xx_HAL_Driver/Inc -O0 -ffunction-sections -fdata-sections -Wall -fstack-usage -MMD -MP -MF"Drivers/STM32G4xx_HAL_Driver/Src/stm32g4xx_hal_exti.d" -MT"Drivers/STM32G4xx_HAL_Driver/Src/stm32g4xx_hal_exti.o" --specs=nano.specs -mfpu=fpv4-sp-d16 -mfloat-abi=hard -mthumb -o "Drivers/STM32G4xx_HAL_Driver/Src/stm32g4xx_hal_exti.o"
arm-none-eabi-gcc "../Drivers/STM32G4xx_HAL_Driver/Src/stm32g4xx_hal_flash.c" -mcpu=cortex-m4 -std=gnu11 -g -DDEBUG -DSTM32G431xx -DUSE_HAL_DRIVER -c -I../Drivers/STM32G4xx_HAL_Driver/Inc/Legacy -I"C:/Users/dorst/Desktop/Radar/LCD_I2C_Driver/Drivers/I2C-LCD" -I../Drivers/CMSIS/Include -I../Drivers/CMSIS/Device/ST/STM32G4xx/Include -I../Core/Inc -I../Drivers/STM32G4xx_HAL_Driver/Inc -O0 -ffunction-sections -fdata-sections -Wall -fstack-usage -MMD -MP -MF"Drivers/STM32G4xx_HAL_Driver/Src/stm32g4xx_hal_flash.d" -MT"Drivers/STM32G4xx_HAL_Driver/Src/stm32g4xx_hal_flash.o" --specs=nano.specs -mfpu=fpv4-sp-d16 -mfloat-abi=hard -mthumb -o "Drivers/STM32G4xx_HAL_Driver/Src/stm32g4xx_hal_flash.o"
arm-none-eabi-gcc "../Drivers/STM32G4xx_HAL_Driver/Src/stm32g4xx_hal_flash_ex.c" -mcpu=cortex-m4 -std=gnu11 -g -DDEBUG -DSTM32G431xx -DUSE_HAL_DRIVER -c -I../Drivers/STM32G4xx_HAL_Driver/Inc/Legacy -I"C:/Users/dorst/Desktop/Radar/LCD_I2C_Driver/Drivers/I2C-LCD" -I../Drivers/CMSIS/Include -I../Drivers/CMSIS/Device/ST/STM32G4xx/Include -I../Core/Inc -I../Drivers/STM32G4xx_HAL_Driver/Inc -O0 -ffunction-sections -fdata-sections -Wall -fstack-usage -MMD -MP -MF"Drivers/STM32G4xx_HAL_Driver/Src/stm32g4xx_hal_flash_ex.d" -MT"Drivers/STM32G4xx_HAL_Driver/Src/stm32g4xx_hal_flash_ex.o" --specs=nano.specs -mfpu=fpv4-sp-d16 -mfloat-abi=hard -mthumb -o "Drivers/STM32G4xx_HAL_Driver/Src/stm32g4xx_hal_flash_ex.o"
arm-none-eabi-gcc "../Drivers/STM32G4xx_HAL_Driver/Src/stm32g4xx_hal_flash_ramfunc.c" -mcpu=cortex-m4 -std=gnu11 -g -DDEBUG -DSTM32G431xx -DUSE_HAL_DRIVER -c -I../Drivers/STM32G4xx_HAL_Driver/Inc/Legacy -I"C:/Users/dorst/Desktop/Radar/LCD_I2C_Driver/Drivers/I2C-LCD" -I../Drivers/CMSIS/Include -I../Drivers/CMSIS/Device/ST/STM32G4xx/Include -I../Core/Inc -I../Drivers/STM32G4xx_HAL_Driver/Inc -O0 -ffunction-sections -fdata-sections -Wall -fstack-usage -MMD -MP -MF"Drivers/STM32G4xx_HAL_Driver/Src/stm32g4xx_hal_flash_ramfunc.d" -MT"Drivers/STM32G4xx_HAL_Driver/Src/stm32g4xx_hal_flash_ramfunc.o" --specs=nano.specs -mfpu=fpv4-sp-d16 -mfloat-abi=hard -mthumb -o "Drivers/STM32G4xx_HAL_Driver/Src/stm32g4xx_hal_flash_ramfunc.o"
arm-none-eabi-gcc "../Drivers/STM32G4xx_HAL_Driver/Src/stm32g4xx_hal_gpio.c" -mcpu=cortex-m4 -std=gnu11 -g -DDEBUG -DSTM32G431xx -DUSE_HAL_DRIVER -c -I../Drivers/STM32G4xx_HAL_Driver/Inc/Legacy -I"C:/Users/dorst/Desktop/Radar/LCD_I2C_Driver/Drivers/I2C-LCD" -I../Drivers/CMSIS/Include -I../Drivers/CMSIS/Device/ST/STM32G4xx/Include -I../Core/Inc -I../Drivers/STM32G4xx_HAL_Driver/Inc -O0 -ffunction-sections -fdata-sections -Wall -fstack-usage -MMD -MP -MF"Drivers/STM32G4xx_HAL_Driver/Src/stm32g4xx_hal_gpio.d" -MT"Drivers/STM32G4xx_HAL_Driver/Src/stm32g4xx_hal_gpio.o" --specs=nano.specs -mfpu=fpv4-sp-d16 -mfloat-abi=hard -mthumb -o "Drivers/STM32G4xx_HAL_Driver/Src/stm32g4xx_hal_gpio.o"
arm-none-eabi-gcc "../Drivers/STM32G4xx_HAL_Driver/Src/stm32g4xx_hal_i2c.c" -mcpu=cortex-m4 -std=gnu11 -g -DDEBUG -DSTM32G431xx -DUSE_HAL_DRIVER -c -I../Drivers/STM32G4xx_HAL_Driver/Inc/Legacy -I"C:/Users/dorst/Desktop/Radar/LCD_I2C_Driver/Drivers/I2C-LCD" -I../Drivers/CMSIS/Include -I../Drivers/CMSIS/Device/ST/STM32G4xx/Include -I../Core/Inc -I../Drivers/STM32G4xx_HAL_Driver/Inc -O0 -ffunction-sections -fdata-sections -Wall -fstack-usage -MMD -MP -MF"Drivers/STM32G4xx_HAL_Driver/Src/stm32g4xx_hal_i2c.d" -MT"Drivers/STM32G4xx_HAL_Driver/Src/stm32g4xx_hal_i2c.o" --specs=nano.specs -mfpu=fpv4-sp-d16 -mfloat-abi=hard -mthumb -o "Drivers/STM32G4xx_HAL_Driver/Src/stm32g4xx_hal_i2c.o"
arm-none-eabi-gcc "../Drivers/STM32G4xx_HAL_Driver/Src/stm32g4xx_hal_i2c_ex.c" -mcpu=cortex-m4 -std=gnu11 -g -DDEBUG -DSTM32G431xx -DUSE_HAL_DRIVER -c -I../Drivers/STM32G4xx_HAL_Driver/Inc/Legacy -I"C:/Users/dorst/Desktop/Radar/LCD_I2C_Driver/Drivers/I2C-LCD" -I../Drivers/CMSIS/Include -I../Drivers/CMSIS/Device/ST/STM32G4xx/Include -I../Core/Inc -I../Drivers/STM32G4xx_HAL_Driver/Inc -O0 -ffunction-sections -fdata-sections -Wall -fstack-usage -MMD -MP -MF"Drivers/STM32G4xx_HAL_Driver/Src/stm32g4xx_hal_i2c_ex.d" -MT"Drivers/STM32G4xx_HAL_Driver/Src/stm32g4xx_hal_i2c_ex.o" --specs=nano.specs -mfpu=fpv4-sp-d16 -mfloat-abi=hard -mthumb -o "Drivers/STM32G4xx_HAL_Driver/Src/stm32g4xx_hal_i2c_ex.o"
arm-none-eabi-gcc "../Drivers/STM32G4xx_HAL_Driver/Src/stm32g4xx_hal_pwr.c" -mcpu=cortex-m4 -std=gnu11 -g -DDEBUG -DSTM32G431xx -DUSE_HAL_DRIVER -c -I../Drivers/STM32G4xx_HAL_Driver/Inc/Legacy -I"C:/Users/dorst/Desktop/Radar/LCD_I2C_Driver/Drivers/I2C-LCD" -I../Drivers/CMSIS/Include -I../Drivers/CMSIS/Device/ST/STM32G4xx/Include -I../Core/Inc -I../Drivers/STM32G4xx_HAL_Driver/Inc -O0 -ffunction-sections -fdata-sections -Wall -fstack-usage -MMD -MP -MF"Drivers/STM32G4xx_HAL_Driver/Src/stm32g4xx_hal_pwr.d" -MT"Drivers/STM32G4xx_HAL_Driver/Src/stm32g4xx_hal_pwr.o" --specs=nano.specs -mfpu=fpv4-sp-d16 -mfloat-abi=hard -mthumb -o "Drivers/STM32G4xx_HAL_Driver/Src/stm32g4xx_hal_pwr.o"
arm-none-eabi-gcc "../Drivers/STM32G4xx_HAL_Driver/Src/stm32g4xx_hal_pwr_ex.c" -mcpu=cortex-m4 -std=gnu11 -g -DDEBUG -DSTM32G431xx -DUSE_HAL_DRIVER -c -I../Drivers/STM32G4xx_HAL_Driver/Inc/Legacy -I"C:/Users/dorst/Desktop/Radar/LCD_I2C_Driver/Drivers/I2C-LCD" -I../Drivers/CMSIS/Include -I../Drivers/CMSIS/Device/ST/STM32G4xx/Include -I../Core/Inc -I../Drivers/STM32G4xx_HAL_Driver/Inc -O0 -ffunction-sections -fdata-sections -Wall -fstack-usage -MMD -MP -MF"Drivers/STM32G4xx_HAL_Driver/Src/stm32g4xx_hal_pwr_ex.d" -MT"Drivers/STM32G4xx_HAL_Driver/Src/stm32g4xx_hal_pwr_ex.o" --specs=nano.specs -mfpu=fpv4-sp-d16 -mfloat-abi=hard -mthumb -o "Drivers/STM32G4xx_HAL_Driver/Src/stm32g4xx_hal_pwr_ex.o"
arm-none-eabi-gcc "../Drivers/STM32G4xx_HAL_Driver/Src/stm32g4xx_hal_rcc.c" -mcpu=cortex-m4 -std=gnu11 -g -DDEBUG -DSTM32G431xx -DUSE_HAL_DRIVER -c -I../Drivers/STM32G4xx_HAL_Driver/Inc/Legacy -I"C:/Users/dorst/Desktop/Radar/LCD_I2C_Driver/Drivers/I2C-LCD" -I../Drivers/CMSIS/Include -I../Drivers/CMSIS/Device/ST/STM32G4xx/Include -I../Core/Inc -I../Drivers/STM32G4xx_HAL_Driver/Inc -O0 -ffunction-sections -fdata-sections -Wall -fstack-usage -MMD -MP -MF"Drivers/STM32G4xx_HAL_Driver/Src/stm32g4xx_hal_rcc.d" -MT"Drivers/STM32G4xx_HAL_Driver/Src/stm32g4xx_hal_rcc.o" --specs=nano.specs -mfpu=fpv4-sp-d16 -mfloat-abi=hard -mthumb -o "Drivers/STM32G4xx_HAL_Driver/Src/stm32g4xx_hal_rcc.o"
arm-none-eabi-gcc "../Drivers/STM32G4xx_HAL_Driver/Src/stm32g4xx_hal_rcc_ex.c" -mcpu=cortex-m4 -std=gnu11 -g -DDEBUG -DSTM32G431xx -DUSE_HAL_DRIVER -c -I../Drivers/STM32G4xx_HAL_Driver/Inc/Legacy -I"C:/Users/dorst/Desktop/Radar/LCD_I2C_Driver/Drivers/I2C-LCD" -I../Drivers/CMSIS/Include -I../Drivers/CMSIS/Device/ST/STM32G4xx/Include -I../Core/Inc -I../Drivers/STM32G4xx_HAL_Driver/Inc -O0 -ffunction-sections -fdata-sections -Wall -fstack-usage -MMD -MP -MF"Drivers/STM32G4xx_HAL_Driver/Src/stm32g4xx_hal_rcc_ex.d" -MT"Drivers/STM32G4xx_HAL_Driver/Src/stm32g4xx_hal_rcc_ex.o" --specs=nano.specs -mfpu=fpv4-sp-d16 -mfloat-abi=hard -mthumb -o "Drivers/STM32G4xx_HAL_Driver/Src/stm32g4xx_hal_rcc_ex.o"
arm-none-eabi-gcc "../Drivers/STM32G4xx_HAL_Driver/Src/stm32g4xx_hal_tim.c" -mcpu=cortex-m4 -std=gnu11 -g -DDEBUG -DSTM32G431xx -DUSE_HAL_DRIVER -c -I../Drivers/STM32G4xx_HAL_Driver/Inc/Legacy -I"C:/Users/dorst/Desktop/Radar/LCD_I2C_Driver/Drivers/I2C-LCD" -I../Drivers/CMSIS/Include -I../Drivers/CMSIS/Device/ST/STM32G4xx/Include -I../Core/Inc -I../Drivers/STM32G4xx_HAL_Driver/Inc -O0 -ffunction-sections -fdata-sections -Wall -fstack-usage -MMD -MP -MF"Drivers/STM32G4xx_HAL_Driver/Src/stm32g4xx_hal_tim.d" -MT"Drivers/STM32G4xx_HAL_Driver/Src/stm32g4xx_hal_tim.o" --specs=nano.specs -mfpu=fpv4-sp-d16 -mfloat-abi=hard -mthumb -o "Drivers/STM32G4xx_HAL_Driver/Src/stm32g4xx_hal_tim.o"
arm-none-eabi-gcc "../Drivers/STM32G4xx_HAL_Driver/Src/stm32g4xx_hal_tim_ex.c" -mcpu=cortex-m4 -std=gnu11 -g -DDEBUG -DSTM32G431xx -DUSE_HAL_DRIVER -c -I../Drivers/STM32G4xx_HAL_Driver/Inc/Legacy -I"C:/Users/dorst/Desktop/Radar/LCD_I2C_Driver/Drivers/I2C-LCD" -I../Drivers/CMSIS/Include -I../Drivers/CMSIS/Device/ST/STM32G4xx/Include -I../Core/Inc -I../Drivers/STM32G4xx_HAL_Driver/Inc -O0 -ffunction-sections -fdata-sections -Wall -fstack-usage -MMD -MP -MF"Drivers/STM32G4xx_HAL_Driver/Src/stm32g4xx_hal_tim_ex.d" -MT"Drivers/STM32G4xx_HAL_Driver/Src/stm32g4xx_hal_tim_ex.o" --specs=nano.specs -mfpu=fpv4-sp-d16 -mfloat-abi=hard -mthumb -o "Drivers/STM32G4xx_HAL_Driver/Src/stm32g4xx_hal_tim_ex.o"
arm-none-eabi-gcc "../Drivers/I2C-LCD/i2c-lcd.c" -mcpu=cortex-m4 -std=gnu11 -g -DDEBUG -DSTM32G431xx -DUSE_HAL_DRIVER -c -I../Drivers/STM32G4xx_HAL_Driver/Inc/Legacy -I"C:/Users/dorst/Desktop/Radar/LCD_I2C_Driver/Drivers/I2C-LCD" -I../Drivers/CMSIS/Include -I../Drivers/CMSIS/Device/ST/STM32G4xx/Include -I../Core/Inc -I../Drivers/STM32G4xx_HAL_Driver/Inc -O0 -ffunction-sections -fdata-sections -Wall -fstack-usage -MMD -MP -MF"Drivers/I2C-LCD/i2c-lcd.d" -MT"Drivers/I2C-LCD/i2c-lcd.o" --specs=nano.specs -mfpu=fpv4-sp-d16 -mfloat-abi=hard -mthumb -o "Drivers/I2C-LCD/i2c-lcd.o"
arm-none-eabi-gcc "../Core/Src/main.c" -mcpu=cortex-m4 -std=gnu11 -g -DDEBUG -DSTM32G431xx -DUSE_HAL_DRIVER -c -I../Drivers/STM32G4xx_HAL_Driver/Inc/Legacy -I"C:/Users/dorst/Desktop/Radar/LCD_I2C_Driver/Drivers/I2C-LCD" -I../Drivers/CMSIS/Include -I../Drivers/CMSIS/Device/ST/STM32G4xx/Include -I../Core/Inc -I../Drivers/STM32G4xx_HAL_Driver/Inc -O0 -ffunction-sections -fdata-sections -Wall -fstack-usage -MMD -MP -MF"Core/Src/main.d" -MT"Core/Src/main.o" --specs=nano.specs -mfpu=fpv4-sp-d16 -mfloat-abi=hard -mthumb -o "Core/Src/main.o"
arm-none-eabi-gcc "../Core/Src/stm32g4xx_hal_msp.c" -mcpu=cortex-m4 -std=gnu11 -g -DDEBUG -DSTM32G431xx -DUSE_HAL_DRIVER -c -I../Drivers/STM32G4xx_HAL_Driver/Inc/Legacy -I"C:/Users/dorst/Desktop/Radar/LCD_I2C_Driver/Drivers/I2C-LCD" -I../Drivers/CMSIS/Include -I../Drivers/CMSIS/Device/ST/STM32G4xx/Include -I../Core/Inc -I../Drivers/STM32G4xx_HAL_Driver/Inc -O0 -ffunction-sections -fdata-sections -Wall -fstack-usage -MMD -MP -MF"Core/Src/stm32g4xx_hal_msp.d" -MT"Core/Src/stm32g4xx_hal_msp.o" --specs=nano.specs -mfpu=fpv4-sp-d16 -mfloat-abi=hard -mthumb -o "Core/Src/stm32g4xx_hal_msp.o"
arm-none-eabi-gcc "../Core/Src/stm32g4xx_it.c" -mcpu=cortex-m4 -std=gnu11 -g -DDEBUG -DSTM32G431xx -DUSE_HAL_DRIVER -c -I../Drivers/STM32G4xx_HAL_Driver/Inc/Legacy -I"C:/Users/dorst/Desktop/Radar/LCD_I2C_Driver/Drivers/I2C-LCD" -I../Drivers/CMSIS/Include -I../Drivers/CMSIS/Device/ST/STM32G4xx/Include -I../Core/Inc -I../Drivers/STM32G4xx_HAL_Driver/Inc -O0 -ffunction-sections -fdata-sections -Wall -fstack-usage -MMD -MP -MF"Core/Src/stm32g4xx_it.d" -MT"Core/Src/stm32g4xx_it.o" --specs=nano.specs -mfpu=fpv4-sp-d16 -mfloat-abi=hard -mthumb -o "Core/Src/stm32g4xx_it.o"
arm-none-eabi-gcc "../Core/Src/syscalls.c" -mcpu=cortex-m4 -std=gnu11 -g -DDEBUG -DSTM32G431xx -DUSE_HAL_DRIVER -c -I../Drivers/STM32G4xx_HAL_Driver/Inc/Legacy -I"C:/Users/dorst/Desktop/Radar/LCD_I2C_Driver/Drivers/I2C-LCD" -I../Drivers/CMSIS/Include -I../Drivers/CMSIS/Device/ST/STM32G4xx/Include -I../Core/Inc -I../Drivers/STM32G4xx_HAL_Driver/Inc -O0 -ffunction-sections -fdata-sections -Wall -fstack-usage -MMD -MP -MF"Core/Src/syscalls.d" -MT"Core/Src/syscalls.o" --specs=nano.specs -mfpu=fpv4-sp-d16 -mfloat-abi=hard -mthumb -o "Core/Src/syscalls.o"
arm-none-eabi-gcc "../Core/Src/sysmem.c" -mcpu=cortex-m4 -std=gnu11 -g -DDEBUG -DSTM32G431xx -DUSE_HAL_DRIVER -c -I../Drivers/STM32G4xx_HAL_Driver/Inc/Legacy -I"C:/Users/dorst/Desktop/Radar/LCD_I2C_Driver/Drivers/I2C-LCD" -I../Drivers/CMSIS/Include -I../Drivers/CMSIS/Device/ST/STM32G4xx/Include -I../Core/Inc -I../Drivers/STM32G4xx_HAL_Driver/Inc -O0 -ffunction-sections -fdata-sections -Wall -fstack-usage -MMD -MP -MF"Core/Src/sysmem.d" -MT"Core/Src/sysmem.o" --specs=nano.specs -mfpu=fpv4-sp-d16 -mfloat-abi=hard -mthumb -o "Core/Src/sysmem.o"
arm-none-eabi-gcc "../Core/Src/system_stm32g4xx.c" -mcpu=cortex-m4 -std=gnu11 -g -DDEBUG -DSTM32G431xx -DUSE_HAL_DRIVER -c -I../Drivers/STM32G4xx_HAL_Driver/Inc/Legacy -I"C:/Users/dorst/Desktop/Radar/LCD_I2C_Driver/Drivers/I2C-LCD" -I../Drivers/CMSIS/Include -I../Drivers/CMSIS/Device/ST/STM32G4xx/Include -I../Core/Inc -I../Drivers/STM32G4xx_HAL_Driver/Inc -O0 -ffunction-sections -fdata-sections -Wall -fstack-usage -MMD -MP -MF"Core/Src/system_stm32g4xx.d" -MT"Core/Src/system_stm32g4xx.o" --specs=nano.specs -mfpu=fpv4-sp-d16 -mfloat-abi=hard -mthumb -o "Core/Src/system_stm32g4xx.o"
arm-none-eabi-gcc -o "LCD_I2C_Driver.elf" @"objects.list"   -mcpu=cortex-m4 -T"C:\Users\dorst\Desktop\Radar\LCD_I2C_Driver\STM32G431RBTX_FLASH.ld" --specs=nosys.specs -Wl,-Map="LCD_I2C_Driver.map" -Wl,--gc-sections -static --specs=nano.specs -mfpu=fpv4-sp-d16 -mfloat-abi=hard -mthumb -Wl,--start-group -lc -lm -Wl,--end-group
Finished building target: LCD_I2C_Driver.elf
 
arm-none-eabi-size   LCD_I2C_Driver.elf 
arm-none-eabi-objdump -h -S  LCD_I2C_Driver.elf  > "LCD_I2C_Driver.list"
   text	   data	    bss	    dec	    hex	filename
   9464	     20	   1644	  11128	   2b78	LCD_I2C_Driver.elf
Finished building: default.size.stdout
 
Finished building: LCD_I2C_Driver.list
 

15:33:31 Build Finished. 0 errors, 0 warnings. (took 2s.944ms)

